---
source: crates/allthecodes/src/ui/components/brand_logo.rs
expression: rendered
---
step=0
╭──────╮
│ ▄▀▀▄ │
│█▄▄▄▄█│
│█    █│
╰──────╯

step=6
╭──────╮
│ ▄▀▀▄ │
│██   █│
│█    █│
╰──────╯

step=8
╭──────╮
│ ▄    │
│██    │
│█▀▄  █│
╰──────╯

step=10
╭──────╮
│██    │
│██    │
│██▄▄▄▄│
╰──────╯

step=11
╭──────╮
│██    │
│██    │
│██▄▄▄▄│
╰──────╯

step=18
╭──────╮
│▄█    │
│██    │
│██▄▄▄ │
╰──────╯

step=20
╭──────╮
│      │
│▄█    │
│██▄   │
╰──────╯

step=22
╭──────╮
│▄█    │
│██    │
│██▄▄▄ │
╰──────╯

step=23
╭──────╮
│██    │
│██    │
│██▄▄▄▄│
╰──────╯

step=84
╭──────╮
│ ▄██▄ │
│██  ██│
│ ▀██▀ │
╰──────╯

step=90
╭──────╮
│ ▄▀▀▄ │
│█   ██│
│ ▀██▀ │
╰──────╯

step=91
╭──────╮
│  ▀▀▄ │
│█   ██│
│ ▀▄▄▀ │
╰──────╯

step=92
╭──────╮
│  ▀▀▄ │
│█   █ │
│  ▄▄▀ │
╰──────╯

step=93
╭──────╮
│▄▀▀▀▄ │
│█   █ │
│▀ ▄▄▀ │
╰──────╯

step=94
╭──────╮
│█▀▀▀▄ │
│█   █ │
│█▄▄▄▀ │
╰──────╯

step=95
╭──────╮
│█▀▀▀▄ │
│█   █ │
│█▄▄▄▀ │
╰──────╯

step=126
╭──────╮
│█▀▀▀▀▀│
│▀▄▄▄▄▄│
│▄▄▄▄▄█│
╰──────╯

step=128
╭──────╮
│█▄▀▀█▀│
│█▄▄▄▄█│
│▄▄  ▄█│
╰──────╯

step=130
╭──────╮
│ ▄▀▀▄ │
│█▄▄▄▄█│
│█    █│
╰──────╯

step=131
╭──────╮
│ ▄▀▀▄ │
│█▄▄▄▄█│
│█    █│
╰──────╯
