---
source: crates/allthecodes/src/ui/components/brand_logo.rs
expression: rendered
---
letter=A index=0
╭──────╮
│ ▄▀▀▄ │
│█▄▄▄▄█│
│█    █│
╰──────╯

letter=L index=1
╭──────╮
│██    │
│██    │
│██▄▄▄▄│
╰──────╯

letter=L index=2
╭──────╮
│██    │
│██    │
│██▄▄▄▄│
╰──────╯

letter=T index=3
╭──────╮
│▀▀██▀▀│
│  ██  │
│  ██  │
╰──────╯

letter=H index=4
╭──────╮
│██  ██│
│██████│
│██  ██│
╰──────╯

letter=E index=5
╭──────╮
│▄▄▄▄▄▄│
│██▄▄▄ │
│██▄▄▄▄│
╰──────╯

letter=C index=6
╭──────╮
│ ▄▀▀▀▀│
│█     │
│ ▀▄▄▄▄│
╰──────╯

letter=O index=7
╭──────╮
│ ▄██▄ │
│██  ██│
│ ▀██▀ │
╰──────╯

letter=D index=8
╭──────╮
│█▀▀▀▄ │
│█   █ │
│█▄▄▄▀ │
╰──────╯

letter=E index=9
╭──────╮
│▄▄▄▄▄▄│
│██▄▄▄ │
│██▄▄▄▄│
╰──────╯

letter=S index=10
╭──────╮
│█▀▀▀▀▀│
│▀▀▀▄▄▄│
│▄▄▄▄▄█│
╰──────╯
