---
source: crates/allthecodes/src/ui/components/brand_logo.rs
expression: rendered
---
step=0
 ╭────────╮
 │░░ ██ ░░│
 │██ ██ ██│
 │██ ░░ ██│
 ╰────────╯
 ALLTHECODES

step=6
 ╭────────╮
 │▒▒ ▓▓ ░░│
 │██ ▓▓ ▓▓│
 │██ ▒▒ ██│
 ╰────────╯
 ALLTHECODES

step=7
 ╭────────╮
 │▓▓ ░░ ░░│
 │██ ░░ ░░│
 │██ ▓▓ ██│
 ╰────────╯
 ALLTHECODES

step=8
 ╭────────╮
 │██ ░░ ░░│
 │██ ░░ ░░│
 │██ ██ ██│
 ╰────────╯
 ALLTHECODES

step=15
 ╭────────╮
 │▓▓ ░░ ░░│
 │▓▓ ░░ ░░│
 │▓▓ ▓▓ ▓▓│
 ╰────────╯
 ALLTHECODES

step=16
 ╭────────╮
 │▒▒ ░░ ░░│
 │▒▒ ░░ ░░│
 │▒▒ ▒▒ ▒▒│
 ╰────────╯
 ALLTHECODES

step=17
 ╭────────╮
 │██ ░░ ░░│
 │██ ░░ ░░│
 │██ ██ ██│
 ╰────────╯
 ALLTHECODES

step=96
 ╭────────╮
 │▓▓ ██ ░░│
 │▒▒ ██ ▒▒│
 │▒▒ ▓▓ ██│
 ╰────────╯
 ALLTHECODES

step=97
 ╭────────╮
 │░░ ██ ░░│
 │▓▓ ██ ▓▓│
 │▓▓ ░░ ██│
 ╰────────╯
 ALLTHECODES

step=98
 ╭────────╮
 │░░ ██ ░░│
 │██ ██ ██│
 │██ ░░ ██│
 ╰────────╯
 ALLTHECODES
