---
source: crates/allthecodes/src/ui/command_palette/tests.rs
expression: "render_palette_snapshot(\"/\", &cwd, 100, 12, &[KeyCode::PageDown])"
---
"┌ Commands ────────────────────────────────────────────────────────────────────────────────────────┐"
"│Commands                          Command details                                                 │"
"│  ─ Builtin ─                                                                                     │"
"│/debug                            Export or inspect debug information                             │"
"│/diff                             Show git diff of current changes                                │"
"│                                                                                                  │"
"│Behavior                                                                                          │"
"│  Enter runs: /diff                                                                               │"
"│  ghost: /diff                                                                                    │"
"│  usage: /diff                                                                                    │"
"│  example: /diff                                                                                  │"
"└──────────────────────────────────────────────────────────────────────────────────────────────────┘"
