---
source: crates/allthecodes/src/ui/command_palette/tests.rs
expression: "render_palette_snapshot(\"/\", &cwd, 100, 12, &[])"
---
"┌ Commands ────────────────────────────────────────────────────────────────────────────────────────┐"
"│Commands                          Command details                                                 │"
"│  ─ Builtin ─                                                                                     │"
"│/init                             Initialize project config and AGENTS.md                         │"
"│/add-dir                          Add a new working directory                                     │"
"│                                                                                                  │"
"│Behavior                                                                                          │"
"│  Enter runs: /init                                                                               │"
"│  ghost: /init                                                                                    │"
"│  usage: /init                                                                                    │"
"│  example: /init                                                                                  │"
"└──────────────────────────────────────────────────────────────────────────────────────────────────┘"
